// Jest Snapshot v1, https://goo.gl/fbAQLP

exports[`getData Корректные данные 1`] = `
Array [
  "1",
  "2",
]
`;
