// Jest Snapshot v1, https://goo.gl/fbAQLP

exports[`test app renders learn react hello 1`] = `
<input
  placeholder="input value"
  type="text"
/>
`;
